../Core/Src/main.c:104:5:main	88	static
../Core/Src/main.c:190:6:SystemClock_Config	88	static
../Core/Src/main.c:236:13:MX_I2C1_Init	8	static
../Core/Src/main.c:270:13:MX_TIM1_Init	32	static
../Core/Src/main.c:316:13:MX_TIM2_Init	32	static
../Core/Src/main.c:361:13:MX_TIM3_Init	64	static
../Core/Src/main.c:424:13:MX_TIM4_Init	32	static
../Core/Src/main.c:469:13:MX_TIM5_Init	56	static
../Core/Src/main.c:518:13:MX_TIM8_Init	56	static
../Core/Src/main.c:568:13:MX_USART1_UART_Init	8	static
../Core/Src/main.c:599:13:MX_DMA_Init	16	static
../Core/Src/main.c:620:13:MX_GPIO_Init	48	static
../Core/Src/main.c:697:6:Error_Handler	4	static,ignoring_inline_asm
